../Drivers/CMSIS/Include/core_cm4.h:2064:26:ITM_SendChar	4
../Core/Src/main.c:77:5:_write	2
../Core/Src/main.c:92:5:main	1
../Core/Src/main.c:142:6:SystemClock_Config	3
../Core/Src/main.c:189:13:MX_TIM1_Init	7
../Core/Src/main.c:263:13:MX_TIM2_Init	3
../Core/Src/main.c:312:13:MX_TIM4_Init	4
../Core/Src/main.c:357:13:MX_USART1_UART_Init	2
../Core/Src/main.c:390:13:MX_USART2_UART_Init	2
../Core/Src/main.c:423:13:MX_GPIO_Init	1
../Core/Src/main.c:452:6:HAL_TIM_PeriodElapsedCallback	2
../Core/Src/main.c:463:6:Error_Handler	1
